[19:16:34] [ServerMain/INFO]: [bootstrap] Running Java 21 (OpenJDK 64-Bit Server VM 21.0.8+9-Ubuntu-0ubuntu124.04.1; Ubuntu null) on Linux 6.8.0-1030-azure (amd64)
[19:16:34] [ServerMain/INFO]: [bootstrap] Loading Paper 1.21.8-6-main@782ce95 (2025-07-18T20:26:58Z) for Minecraft 1.21.8
[19:16:35] [ServerMain/INFO]: [PluginInitializerManager] Initializing plugins...
[19:16:38] [ServerMain/INFO]: [PluginInitializerManager] Initialized 4 plugins
[19:16:38] [ServerMain/INFO]: [PluginInitializerManager] Bukkit plugins (4):
 - LoginSecurity (3.2.0), SetHome (6.2.3), SimpleTpa (7.9), SkinsRestorer (15.8.1)
[19:16:45] [ServerMain/INFO]: Environment: Environment[sessionHost=https://sessionserver.mojang.com, servicesHost=https://api.minecraftservices.com, name=PROD]
[19:16:49] [ServerMain/INFO]: Loaded 1407 recipes
[19:16:49] [ServerMain/INFO]: Loaded 1520 advancements
[19:16:49] [ServerMain/INFO]: [ca.spottedleaf.dataconverter.minecraft.datatypes.MCTypeRegistry] Initialising converters for DataConverter...
[19:16:50] [ServerMain/INFO]: [ca.spottedleaf.dataconverter.minecraft.datatypes.MCTypeRegistry] Finished initialising converters for DataConverter in 817.9ms
[19:16:50] [Server thread/INFO]: Starting minecraft server version 1.21.8
[19:16:50] [Server thread/INFO]: Loading properties
[19:16:50] [Server thread/INFO]: This server is running Paper version 1.21.8-6-main@782ce95 (2025-07-18T20:26:58Z) (Implementing API version 1.21.8-R0.1-SNAPSHOT)
[19:16:50] [Server thread/INFO]: [spark] This server bundles the spark profiler. For more information please visit https://docs.papermc.io/paper/profiling
[19:16:51] [Server thread/INFO]: Server Ping Player Sample Count: 12
[19:16:51] [Server thread/INFO]: Using 4 threads for Netty based IO
[19:16:52] [Server thread/INFO]: [MoonriseCommon] Paper is using 1 worker threads, 1 I/O threads
[19:16:52] [Server thread/INFO]: [ChunkTaskScheduler] Chunk system is using population gen parallelism: true
[19:16:52] [Server thread/INFO]: Default game type: SURVIVAL
[19:16:52] [Server thread/INFO]: Generating keypair
[19:16:52] [Server thread/INFO]: Starting Minecraft server on *:25565
[19:16:53] [Server thread/INFO]: Using epoll channel type
[19:16:53] [Server thread/INFO]: Paper: Using libdeflate (Linux x86_64) compression from Velocity.
[19:16:53] [Server thread/INFO]: Paper: Using OpenSSL 3.x.x (Linux x86_64) cipher from Velocity.
[19:16:53] [Server thread/INFO]: [LoginSecurity] Loading server plugin LoginSecurity v3.2.0
[19:16:53] [Server thread/INFO]: [SimpleTpa] Loading server plugin SimpleTpa v7.9
[19:16:53] [Server thread/INFO]: [SetHome] Loading server plugin SetHome v6.2.3
[19:16:53] [Server thread/INFO]: [SkinsRestorer] Loading server plugin SkinsRestorer v15.8.1
[19:16:53] [Server thread/INFO]: Server permissions file permissions.yml is empty, ignoring it
[19:16:53] [Server thread/INFO]: [SkinsRestorer] Enabling SkinsRestorer v15.8.1
[19:16:55] [Server thread/INFO]: [SkinsRestorer] Running on Minecraft 1.21.8.
[19:16:56] [Server thread/INFO]: [SkinsRestorer] Using paper join listener!
[19:16:56] [Server thread/WARN]: **** SERVER IS RUNNING IN OFFLINE/INSECURE MODE!
[19:16:56] [Server thread/WARN]: The server will make no attempt to authenticate usernames. Beware.
[19:16:56] [Server thread/WARN]: While this makes the game possible to play without internet access, it also opens up the ability for hackers to connect with any username they choose.
[19:16:56] [Server thread/WARN]: To change this, set "online-mode" to "true" in the server.properties file.
[19:16:56] [Server thread/INFO]: Preparing level "world"
[19:16:56] [Folia Async Scheduler Thread #1/INFO]: [SkinsRestorer] ----------------------------------------------
[19:16:56] [Folia Async Scheduler Thread #1/INFO]: [SkinsRestorer]     +==================+
[19:16:56] [Folia Async Scheduler Thread #1/INFO]: [SkinsRestorer]     |   SkinsRestorer  |
[19:16:56] [Folia Async Scheduler Thread #1/INFO]: [SkinsRestorer]     |------------------|
[19:16:56] [Folia Async Scheduler Thread #1/INFO]: [SkinsRestorer]     |  Standalone Mode |
[19:16:56] [Folia Async Scheduler Thread #1/INFO]: [SkinsRestorer]     +==================+
[19:16:56] [Folia Async Scheduler Thread #1/INFO]: [SkinsRestorer] ----------------------------------------------
[19:16:56] [Folia Async Scheduler Thread #1/INFO]: [SkinsRestorer]     Version: 15.8.1
[19:16:56] [Folia Async Scheduler Thread #1/INFO]: [SkinsRestorer]     Commit: bd509cd
[19:16:56] [Folia Async Scheduler Thread #1/INFO]: [SkinsRestorer]     A new version (15.8.2) is available! Downloading update...
[19:16:56] [Folia Async Scheduler Thread #1/INFO]: [SkinsRestorer] ----------------------------------------------
[19:16:56] [Folia Async Scheduler Thread #1/INFO]: [SkinsRestorer] Do you have issues? Read our troubleshooting guide: https://skinsrestorer.net/docs/troubleshooting
[19:16:56] [Folia Async Scheduler Thread #1/INFO]: [SkinsRestorer] Want to support SkinsRestorer? Consider donating: https://skinsrestorer.net/donate
[19:16:56] [Folia Async Scheduler Thread #1/INFO]: [SkinsRestorer] [GitHubUpdate] Downloading update...
[19:16:58] [Server thread/INFO]: Preparing start region for dimension minecraft:overworld
[19:16:58] [Folia Async Scheduler Thread #1/INFO]: [SkinsRestorer] [GitHubUpdate] Downloaded update in 1661ms
[19:16:58] [Folia Async Scheduler Thread #1/INFO]: [SkinsRestorer] [GitHubUpdate] Update saved as SkinsRestorer.jar
[19:16:58] [Folia Async Scheduler Thread #1/INFO]: [SkinsRestorer] [GitHubUpdate] The update will be loaded on the next server restart
[19:16:58] [Server thread/INFO]: Preparing spawn area: 0%
[19:16:58] [Server thread/INFO]: Preparing spawn area: 0%
[19:16:59] [Server thread/INFO]: Preparing spawn area: 14%
[19:16:59] [Server thread/INFO]: Preparing spawn area: 20%
[19:17:00] [Server thread/INFO]: Preparing spawn area: 34%
[19:17:00] [Server thread/INFO]: Preparing spawn area: 67%
[19:17:01] [Server thread/INFO]: Preparing spawn area: 73%
[19:17:01] [Server thread/INFO]: Preparing spawn area: 73%
[19:17:01] [Server thread/INFO]: Time elapsed: 3564 ms
[19:17:01] [Server thread/INFO]: Preparing start region for dimension minecraft:the_nether
[19:17:01] [Server thread/INFO]: Preparing spawn area: 0%
[19:17:02] [Server thread/INFO]: Preparing spawn area: 46%
[19:17:02] [Server thread/INFO]: Time elapsed: 686 ms
[19:17:02] [Server thread/INFO]: Preparing start region for dimension minecraft:the_end
[19:17:02] [Server thread/INFO]: Preparing spawn area: 0%
[19:17:02] [Server thread/INFO]: Time elapsed: 307 ms
[19:17:02] [Server thread/INFO]: [LoginSecurity] Enabling LoginSecurity v3.2.0
[19:17:02] [Server thread/INFO]: [LoginSecurity] Loading base translations from "en_us"
[19:17:02] [Server thread/INFO]: [LoginSecurity] Loading specified translations from "en_us"
[19:17:03] [Server thread/INFO]: [LoginSecurity] Registering commands...
[19:17:03] [Server thread/INFO]: [LoginSecurity] Registering listeners...
[19:17:03] [Server thread/INFO]: [LoginSecurity] Using 1.12+ map captcha renderer
[19:17:03] [Server thread/INFO]: [SimpleTpa] Enabling SimpleTpa v7.9
[19:17:03] [Server thread/INFO]: [SimpleTpa] If you need support contact me at https://discord.gg/SZUkza9
[19:17:03] [Server thread/INFO]: [SimpleTpa] Simple Tpa has been enabled on version 7.9
[19:17:03] [Server thread/INFO]: Enabled metrics. You may opt-out by changing plugins/bStats/config.yml
[19:17:03] [Server thread/INFO]: [SetHome] Enabling SetHome v6.2.3
[19:17:03] [Server thread/INFO]: [spark] Starting background profiler...
[19:17:04] [Server thread/INFO]: Done preparing level "world" (8.258s)
[19:17:04] [Server thread/INFO]: Running delayed init tasks
[19:17:04] [Server thread/INFO]: Done (32.201s)! For help, type "help"
[19:18:06] [User Authenticator #0/INFO]: UUID of player NACHITOPRO898 is 273d9d3c-3849-308c-b669-87cf4830d306
[19:18:06] [Server thread/INFO]: [HorriblePlayerLoginEventHack] You have plugins listening to the PlayerLoginEvent, this will cause re-configuration APIs to be unavailable: [LoginSecurity]
[19:18:08] [Server thread/INFO]: NACHITOPRO898 joined the game
[19:18:08] [Server thread/INFO]: NACHITOPRO898[/127.251.56.111:38381] logged in with entity id 65 at ([world]-283.470547190886, 64.0, -1469.2058090220714)
[19:18:12] [Server thread/WARN]: [ca.spottedleaf.moonrise.patches.chunk_system.level.entity.EntityLookup] Entity uuid already exists: a650c039-337a-4094-801a-b9c9b52380b6, mapped to Rabbit['Rabbit'/837, uuid='a650c039-337a-4094-801a-b9c9b52380b6', l='ServerLevel[world]', x=-48.27, y=65.00, z=-1466.28, cpos=[-4, -92], tl=0, v=true], can't add Rabbit['Rabbit'/862, uuid='a650c039-337a-4094-801a-b9c9b52380b6', l='ServerLevel[world]', x=-44.85, y=65.00, z=-1459.84, cpos=[-3, -92], tl=0, v=false]
[19:18:18] [Server thread/WARN]: [ca.spottedleaf.moonrise.patches.chunk_system.level.entity.EntityLookup] Entity uuid already exists: 69ecb643-3b76-4b5c-b0a6-710725f81945, mapped to Chicken['Chicken'/1116, uuid='69ecb643-3b76-4b5c-b0a6-710725f81945', l='ServerLevel[world]', x=-49.13, y=70.00, z=-1595.79, cpos=[-4, -100], tl=0, v=true], can't add Chicken['Chicken'/1150, uuid='69ecb643-3b76-4b5c-b0a6-710725f81945', l='ServerLevel[world]', x=-40.83, y=68.00, z=-1601.27, cpos=[-3, -101], tl=0, v=false]
[19:18:20] [Server thread/WARN]: [ca.spottedleaf.moonrise.patches.chunk_system.level.entity.EntityLookup] Entity uuid already exists: 88d6ae1d-e6e9-4ebd-ac8f-7250914440a0, mapped to Rabbit['Rabbit'/1191, uuid='88d6ae1d-e6e9-4ebd-ac8f-7250914440a0', l='ServerLevel[world]', x=-52.72, y=66.00, z=-1253.12, cpos=[-4, -79], tl=0, v=true], can't add Rabbit['Rabbit'/1215, uuid='88d6ae1d-e6e9-4ebd-ac8f-7250914440a0', l='ServerLevel[world]', x=-44.38, y=66.00, z=-1253.63, cpos=[-3, -79], tl=0, v=false]
[19:22:45] [Server thread/INFO]: NACHITOPRO898 issued server command: /home
[19:25:39] [Server thread/INFO]: NACHITOPRO898 lost connection: Timed out
[19:25:40] [Server thread/INFO]: NACHITOPRO898 left the game
[19:26:07] [User Authenticator #1/INFO]: UUID of player NACHITOPRO898 is 273d9d3c-3849-308c-b669-87cf4830d306
[19:26:09] [Server thread/INFO]: NACHITOPRO898 joined the game
[19:26:09] [Server thread/INFO]: NACHITOPRO898[/127.251.56.111:59321] logged in with entity id 4374 at ([world]1977.7696056213804, -2.5, 854.3000000119209)
[19:26:38] [Server thread/INFO]: NACHITOPRO898 issued server command: /home
[19:26:50] [Async Chat Thread - #0/INFO]: [Not Secure] <NACHITOPRO898> NACHITOPRO898
[19:28:29] [Server thread/WARN]: Can't keep up! Is the server overloaded? Running 3304ms or 66 ticks behind
[19:33:29] [Server thread/INFO]: NACHITOPRO898 issued server command: /home
[19:35:05] [Server thread/INFO]: NACHITOPRO898 issued server command: /HOME
[19:35:09] [Server thread/INFO]: NACHITOPRO898 issued server command: /home
[19:36:15] [Server thread/INFO]: NACHITOPRO898 issued server command: /home
[19:37:53] [Server thread/INFO]: NACHITOPRO898 lost connection: Disconnected
[19:37:53] [Server thread/INFO]: NACHITOPRO898 left the game
[19:58:35] [User Authenticator #2/INFO]: UUID of player NACHITOPRO898 is 273d9d3c-3849-308c-b669-87cf4830d306
[19:58:36] [Server thread/INFO]: NACHITOPRO898 joined the game
[19:58:36] [Server thread/INFO]: NACHITOPRO898[/127.251.56.111:38725] logged in with entity id 12984 at ([world]1143.7243212757996, 63.0, 495.9589871306273)
